[vedantdave117.com/index.html]
[backblue.gif]
[fade.gif]
[index.html]
[s0.wp.com/wp-content/plugins/custom-fonts/js/webfont.js]
[vedantdave117.com/remote-login4f98.html]
[s2.wp.com/wp-content/mu-plugins/global-print/global-printa1cf.css]
[vedantdave117.com/feed/index.html]
[vedantdave117.com/osd.xml]
[theprojectpages.files.wordpress.com/2020/05/cropped-profile_176ca.png]
[vedantdave117.com/comments/feed/index.html]
[s2.wp.com/_static/index1b73.html]
[theprojectpages.files.wordpress.com/2020/05/cropped-profile_19939.png]
[theprojectpages.files.wordpress.com/2020/05/cropped-profile_1ad83.png]
[theprojectpages.files.wordpress.com/2020/05/suv4.gif]
[theprojectpages.files.wordpress.com/2020/08/vedant-32dff.jpg]
[vedantdave117.com/portfolio-117/index.html]
[vedantdave117.com/education-certification-achievement/index.html]
[vedantdave117.com/contact-me/index.html]
[theprojectpages.files.wordpress.com/2020/05/iconfinder_189_kaggle_451913691a1.png]
[theprojectpages.files.wordpress.com/2020/05/tableau-icon-pixel-art-5a5f5c4d755c41916225ab5e.brickimg2dff.jpg]
[theprojectpages.files.wordpress.com/2020/05/upwork-iconfddc.png]
[theprojectpages.files.wordpress.com/2020/05/upwork-inline5a1e.png]
[theprojectpages.files.wordpress.com/2020/05/kaggle-logoebf4.png]
[theprojectpages.files.wordpress.com/2020/05/medium-logo1bbe.png]
[theprojectpages.files.wordpress.com/2020/05/udacity-logo5a1e.png]
[0.gravatar.com/js/gprofiles0ab9.js]
[s1.wp.com/wp-content/mu-plugins/gravatar-hovercards/wpgrohoc3b6.js]
[s0.wp.com/wp-content/mu-plugins/actionbar/actionbar61ea.css]
[s0.wp.com/wp-content/mu-plugins/actionbar/actionbar61ea.js]
[stats.wp.com/w7f39.js]
[vedantdave117.com/wp-content/plugins/ie-sitemode/custom-jumplist.php]
[pixel.wp.com/b0b80.gif]
[vedantdave117.com/index.html]
[vedantdave117.com/xmlrpc.php]
[vedantdave117.com/remote-login4f98.html]
[s2.wp.com/wp-content/mu-plugins/global-print/global-printa1cf.css]
[theprojectpages.files.wordpress.com/2020/07/2020_enhanced_colors_low.jpg]
[s2.wp.com/_static/index6f89.html]
[theprojectpages.files.wordpress.com/2020/07/sentiment-analysis-deployment73d9.gif]
[theprojectpages.files.wordpress.com/2020/07/face_detection8eb1.png]
[theprojectpages.files.wordpress.com/2020/07/result126c.png]
[theprojectpages.files.wordpress.com/2020/07/comparison5a42.png]
[theprojectpages.files.wordpress.com/2020/07/dog-breed-classification73d9.gif]
[theprojectpages.files.wordpress.com/2020/01/20160311-sad-instacart-carrot.0.1519260751.0-1.jpg]
[theprojectpages.files.wordpress.com/2020/01/order-pattern-of-hour-by-day-2.png]
[theprojectpages.files.wordpress.com/2020/01/reorder-by-department-1.png]
[theprojectpages.files.wordpress.com/2020/01/product-per-order-occurance-2.png]
[theprojectpages.files.wordpress.com/2020/01/departmetal-contribution-2.png]
[theprojectpages.files.wordpress.com/2020/01/add-to-cart-to-order-conversion-2.png]
[theprojectpages.files.wordpress.com/2020/01/best-reorder-hour-in-week-1.png]
[theprojectpages.files.wordpress.com/2020/01/important-aisle-2.png]
[theprojectpages.files.wordpress.com/2020/01/reordering-ratio-of-different-department-1.png]
[theprojectpages.files.wordpress.com/2020/01/instacart.jpg]
[theprojectpages.files.wordpress.com/2020/05/075cc.gif]
[vedantdave117.com/instacart-market-data-analysis-machine-learning-modeling-lgb/index.html]
[theprojectpages.files.wordpress.com/2020/05/6bmb-16cc5.gif]
[vedantdave117.com/sentimental-analytics-with-neural-network/index.html]
[theprojectpages.files.wordpress.com/2020/05/b6410.jpg]
[theprojectpages.files.wordpress.com/2020/05/96911-1wbsysxpwddvexqcvz6aooq9faf.png]
[theprojectpages.files.wordpress.com/2020/05/0787c-1iysweivgedvbbdv7t541hq2289.png]
[theprojectpages.files.wordpress.com/2020/05/c74bc.png]
[theprojectpages.files.wordpress.com/2020/05/d6410.jpg]
[theprojectpages.files.wordpress.com/2020/07/bike_sharing.jpg]
[theprojectpages.files.wordpress.com/2020/07/algo.gif]
[theprojectpages.files.wordpress.com/2020/07/bike-sharing-result.png]
[theprojectpages.files.wordpress.com/2020/07/bike-sharing.gif]
[theprojectpages.files.wordpress.com/2020/05/4-1.png]
[vedantdave117.com/5-financial-fraud-advanced-analysis/index.html]
[theprojectpages.files.wordpress.com/2020/05/5.png]
[theprojectpages.files.wordpress.com/2020/05/3.png]
[theprojectpages.files.wordpress.com/2020/05/2.png]
[theprojectpages.files.wordpress.com/2020/05/fearure-14c77.png]
[theprojectpages.files.wordpress.com/2020/05/feature-1e155.png]
[theprojectpages.files.wordpress.com/2020/05/feature-22cb2.png]
[theprojectpages.files.wordpress.com/2020/01/personal-bankruptcy-canada.jpg]
[theprojectpages.files.wordpress.com/2020/01/16.png]
[vedantdave117.com/research-fs-effect-on-ml-impovement/index.html]
[theprojectpages.files.wordpress.com/2020/01/11.png]
[theprojectpages.files.wordpress.com/2020/01/17.png]
[theprojectpages.files.wordpress.com/2019/12/loan-origination-500x500-1.jpg]
[theprojectpages.files.wordpress.com/2019/12/predataanalysis.png]
[theprojectpages.files.wordpress.com/2019/12/analysis-feature-creation-calculations.png]
[theprojectpages.files.wordpress.com/2019/12/loan-data-analysis-forecasting_15-year.png]
[theprojectpages.files.wordpress.com/2019/12/loan-distribution-graph-15-years.png]
[theprojectpages.files.wordpress.com/2019/12/loan-data-analysis-forecasting_30-year.png]
[theprojectpages.files.wordpress.com/2019/12/loan-distribution-graph-30-years.png]
[theprojectpages.files.wordpress.com/2019/12/header9dfb.jpg]
[theprojectpages.files.wordpress.com/2019/12/500px-somtraining.svg_bf83.png]
[vedantdave117.com/bank-loan-data-analysis-future-interest-prediction/index.html]
[theprojectpages.files.wordpress.com/2020/05/som-iterateanimate8ee8.gif]
[vedantdave117.com/uk-home-price-prediction/index.html]
[vedantdave117.com/data-imputation-method-self-organizing-map/index.html]
[theprojectpages.files.wordpress.com/2020/05/1_1okwhewf5kctipafib4xaaf8c8.gif]
[theprojectpages.files.wordpress.com/2020/05/yelplogo_0c6eb.png]
[theprojectpages.files.wordpress.com/2020/05/ml-development-cyclec6eb.png]
[theprojectpages.files.wordpress.com/2020/05/maxresdefaultc6eb.jpg]
[theprojectpages.files.wordpress.com/2020/05/content_diamond_pricingc6eb.jpg]
[theprojectpages.files.wordpress.com/2020/05/fashion-mnist-spritec6eb.png]
[theprojectpages.files.wordpress.com/2020/05/unnamed-2c6eb.jpg]
[theprojectpages.files.wordpress.com/2020/05/how-to-select-algorithmsc6eb.png]
[theprojectpages.files.wordpress.com/2020/05/6bmb-1c6eb.gif]
[theprojectpages.files.wordpress.com/2020/05/cifar10_feedingc6eb.gif]
[theprojectpages.files.wordpress.com/2020/05/lenet_animation453c.gif]
[theprojectpages.files.wordpress.com/2020/05/download4136.jpg]
[theprojectpages.files.wordpress.com/2020/05/1586499704217c6eb.gif]
[theprojectpages.files.wordpress.com/2020/05/capturec6eb.png]
[theprojectpages.files.wordpress.com/2020/05/3hez.gif]
[s0.wp.com/wp-includes/js/dist/vendor/wp-polyfill-fetch.min9853.js]
[s1.wp.com/wp-includes/js/dist/vendor/wp-polyfill-node-contains.minf99f.js]
[s0.wp.com/wp-includes/js/dist/vendor/wp-polyfill-dom-rect.min9c36.js]
[s1.wp.com/_static/index0fb4.html]
[s2.wp.com/wp-includes/js/dist/vendor/wp-polyfill-url.min67f7.js]
[s1.wp.com/wp-includes/js/dist/vendor/wp-polyfill-formdata.min52a8.js]
[s2.wp.com/wp-includes/js/dist/vendor/wp-polyfill-element-closest.min5eac.js]
[vedantdave117.com/portfolio-117/index.html]
[s0.wp.com/wp-content/plugins/gutenberg-core/9.1.1/vendor/lodash.ec373016e7c4.js]
[theprojectpages.files.wordpress.com/2019/12/coursera-sfexkzvrr2z9-page-0019dfb.jpg]
[theprojectpages.files.wordpress.com/2019/12/certificateofcompletion_nlp-with-python-for-machine-learning-essential-training-page-0019dfb.jpg]
[theprojectpages.files.wordpress.com/2019/12/uc-rdzbc65p9dfb.jpg]
[theprojectpages.files.wordpress.com/2020/05/0001c6eb.jpg]
[theprojectpages.files.wordpress.com/2019/12/uc-3x23votf9dfb.jpg]
[theprojectpages.files.wordpress.com/2019/12/certificateofcompletion_advanced-microsoft-power-bi-page-0019dfb.jpg]
[theprojectpages.files.wordpress.com/2020/05/coursera-ujuql6rbnnj3-page-0012dff.jpg]
[theprojectpages.files.wordpress.com/2020/05/coursera-j9xjwnmmcjzf-page-0012dff.jpg]
[theprojectpages.files.wordpress.com/2020/05/ibm_data_specialization-page-001-12dff.jpg]
[theprojectpages.files.wordpress.com/2020/05/coursera-4kzjauhbkzcx_-course-1-page-001c6eb.jpg]
[theprojectpages.files.wordpress.com/2020/05/coursera-cyczxypekhzy_course-4-page-001c6eb.jpg]
[theprojectpages.files.wordpress.com/2020/05/coursera-s9pul7lvaxmd_course-7-page-001c6eb.jpg]
[theprojectpages.files.wordpress.com/2020/05/coursera-z273dcnncxbp_course-2-page-001c6eb.jpg]
[theprojectpages.files.wordpress.com/2020/05/coursera-lerynjaylcrx_course-5-page-001c6eb.jpg]
[theprojectpages.files.wordpress.com/2020/05/coursera-3ur2jknc6jwe_course-8-page-001c6eb.jpg]
[theprojectpages.files.wordpress.com/2020/05/coursera-slrrblps5utx_course-3-page-001c6eb.jpg]
[theprojectpages.files.wordpress.com/2020/05/coursera-426mnm8kdk2j_course-6-page-001c6eb.jpg]
[theprojectpages.files.wordpress.com/2020/05/coursera-ymedewp3b7eh_course-9-page-001c6eb.jpg]
[theprojectpages.files.wordpress.com/2019/12/uc-zwcleehf9dfb.jpg]
[theprojectpages.files.wordpress.com/2020/05/uc-e4947ee0-2842-41eb-9e9b-c8eabc1cb3fe-hivec6eb.jpg]
[theprojectpages.files.wordpress.com/2020/05/certificateofcompletion_learning-linux-command-line-7-page-001c6eb.jpg]
[theprojectpages.files.wordpress.com/2019/12/certificateofcompletion_advanced-sql-for-data-scientists-page-0019dfb.jpg]
[theprojectpages.files.wordpress.com/2020/05/certificateofcompletion_learning-go-page-001-1c6eb.jpg]
[theprojectpages.files.wordpress.com/2020/05/bertelsmann-scholarship402x2dff.jpg]
[theprojectpages.files.wordpress.com/2020/05/golden_key_logoc6eb.png]
[s0.wp.com/wp-content/mu-plugins/carousel/jetpack-carousel2ca6.css]
[vedantdave117.com/education-certification-achievement/index.html]
[theprojectpages.files.wordpress.com/2020/05/uhwy.gif]
[vedantdave117.com/contact-me/index.html]
[s0.wp.com/wp-content/js/bilmur.min5629.js]
[vedantdave117.com/index9a7b.html]
[vedantdave117.com/index5a58.html]
[s0.wp.com/wp-content/mu-plugins/actionbar/actionbar61ea.css]
[theprojectpages.files.wordpress.com/2020/01/20160311-sad-instacart-carrot.0.1519260751.0-16aa1.jpg]
[theprojectpages.files.wordpress.com/2020/01/20160311-sad-instacart-carrot.0.1519260751.0-19dfb.jpg]
[theprojectpages.files.wordpress.com/2020/01/product-per-order-occurance-19dfb.png]
[theprojectpages.files.wordpress.com/2020/01/best-reorder-hour-in-week9dfb.png]
[theprojectpages.files.wordpress.com/2020/01/reordering-day-frequency9dfb.png]
[theprojectpages.files.wordpress.com/2020/01/add-to-cart-to-order-conversion-19dfb.png]
[theprojectpages.files.wordpress.com/2020/01/reorder-by-department9dfb.png]
[theprojectpages.files.wordpress.com/2020/01/reordering-ratio-of-different-department9dfb.png]
[theprojectpages.files.wordpress.com/2020/01/departmetal-contribution-19dfb.png]
[theprojectpages.files.wordpress.com/2020/01/important-aisle-19dfb.png]
[theprojectpages.files.wordpress.com/2020/01/instacart9dfb.jpg]
[vedantdave117.com/instacart-market-data-analysis-machine-learning-modeling-lgb/index.html]
[s1.wp.com/wp-content/mu-plugins/jetpack/_inc/blocks/slideshow/viewa05e.css]
[theprojectpages.files.wordpress.com/2020/05/a3010-1vhkfdxxvtqrtscksbkltvg.jpg]
[theprojectpages.files.wordpress.com/2020/05/e5ba4-1be1f_9xtq7dfpinewitsew.png]
[theprojectpages.files.wordpress.com/2020/05/fb4a7-1gsgyvywwgf__o3sqhrsuna.png]
[theprojectpages.files.wordpress.com/2020/05/cb123-188pfxaixloflszpgavhc9a.png]
[theprojectpages.files.wordpress.com/2020/05/e0c4e-1jl7l5jopk5lgugspaymwpa.png]
[theprojectpages.files.wordpress.com/2020/05/609af-1umzclho_yfkv2qti899zkq.png]
[theprojectpages.files.wordpress.com/2020/05/71440-1g2hofo4sh40nxw3zl7yk1a.png]
[theprojectpages.files.wordpress.com/2020/05/2048c-18cmbzdhtunihjvbdn92olw.png]
[theprojectpages.files.wordpress.com/2020/05/5f770-19u1hvo6iokzwfwzcdmjgug.png]
[theprojectpages.files.wordpress.com/2020/05/7b65e-1n3va7hsvtg6otf5founblg.png]
[theprojectpages.files.wordpress.com/2020/05/3cbb8-1ydj-1l-el8dydt2oxmdvta.png]
[theprojectpages.files.wordpress.com/2020/05/3a7fd-1bjbcmzryrgx3yuidsxwfza.png]
[theprojectpages.files.wordpress.com/2020/05/68905-1l7e1cygfi2wuitdiekva1g.png]
[theprojectpages.files.wordpress.com/2020/05/2cd9a-15ilxda49nuurc0einssi1w.png]
[theprojectpages.files.wordpress.com/2020/05/1c386-1gmrx9mjleqwjitorf2vj6q.png]
[theprojectpages.files.wordpress.com/2020/05/0787c-1iysweivgedvbbdv7t541hq.png]
[theprojectpages.files.wordpress.com/2020/05/506c4-16c10amdltplk7ow9paq7fq.png]
[theprojectpages.files.wordpress.com/2020/05/f286b-0g-h74fcpwzklftfi.png]
[theprojectpages.files.wordpress.com/2020/05/aed1f-1mfr89ki4lurojuiijfw9wg.png]
[theprojectpages.files.wordpress.com/2020/05/96911-1wbsysxpwddvexqcvz6aooq.png]
[theprojectpages.files.wordpress.com/2020/05/4541a-1ko0gj8vbeudhnomggdza7a.jpg]
[theprojectpages.files.wordpress.com/2020/05/03687-1twoe3k1uyoul_7e2zyjwwq.png]
[theprojectpages.files.wordpress.com/2020/05/66fc7-1xmn1hefvbbfp3wvufwz9bq.png]
[theprojectpages.files.wordpress.com/2020/05/3a86a-1kdzz6rxfkzvcrau_olo4jw.png]
[theprojectpages.files.wordpress.com/2020/05/b35ac-1hl2_s4zfety9jbevrztfgq.png]
[theprojectpages.files.wordpress.com/2020/05/8e26a-1bdlx40eugpfvbwinqk0fnq.png]
[theprojectpages.files.wordpress.com/2020/05/ba2a8-1dyw7snhhpk7nxvxdwb8sxw.png]
[theprojectpages.files.wordpress.com/2020/05/41a6e-1oecrmgrskx1srivnod_jig.png]
[theprojectpages.files.wordpress.com/2020/05/5f914-1lqt3nfmdljalo5dofeorpa.png]
[theprojectpages.files.wordpress.com/2020/05/665a7-1jvi0nfiwwjvvtka9rcgapa.png]
[theprojectpages.files.wordpress.com/2020/05/c6f14-1w1nldb8vmgthnkqoyc7tlw.png]
[theprojectpages.files.wordpress.com/2020/05/e3fd1-1ns6vdjvyipulbg91ap0d4a.png]
[theprojectpages.files.wordpress.com/2020/05/4c3ea-1ievzdqtaqoggqjmc4dmxvq.png]
[theprojectpages.files.wordpress.com/2020/05/3f349-10kd1-ed4bxneuvd5ze70sa.png]
[theprojectpages.files.wordpress.com/2020/05/a0ff9-1rdvnibiyblzcsn6oornlkg.png]
[theprojectpages.files.wordpress.com/2020/05/0aaf7-1elitdpvglsxh42cgv8d5bg.png]
[theprojectpages.files.wordpress.com/2020/05/d5145-1vstkysniwzmw5lp1xgzmvw.png]
[theprojectpages.files.wordpress.com/2020/05/caac4-1ta8vozwftzcpgiixk4ysig.png]
[theprojectpages.files.wordpress.com/2020/05/63e5a-1xcp-jg7uhnexqwcaxcz1aq.png]
[theprojectpages.files.wordpress.com/2020/05/59be2-1gmsco-8tvau-mwb9z5lpca.png]
[theprojectpages.files.wordpress.com/2020/05/74908-1wgseh0m6mmbdqtj_tlgw8g.png]
[theprojectpages.files.wordpress.com/2020/05/9b3c7-1bpq91vacmuswv-c6lj07vq.jpg]
[theprojectpages.files.wordpress.com/2020/05/bfd33-1ngzntfvia7lrlbxarb41lq.png]
[theprojectpages.files.wordpress.com/2020/05/d845f-1nkzywpmx0j45kro1p43wkw.png]
[s1.wp.com/wp-content/plugins/syntaxhighlighter/syntaxhighlighter3/styles/shCore09b1.css]
[vedantdave117.com/sentimental-analytics-with-neural-network/index.html]
[s2.wp.com/wp-content/plugins/syntaxhighlighter/syntaxhighlighter3/styles/shThemeDefault0571.css]
[s0.wp.com/wp-content/mu-plugins/highlander-comments/style6f5b.css]
[vedantdave117.com/5-financial-fraud-advanced-analysis/feed/index.html]
[theprojectpages.files.wordpress.com/2019/12/fraud-detection-and-prevention-market-1fd40.png]
[theprojectpages.files.wordpress.com/2019/12/fraud-detection-and-prevention-market-113fb.png]
[theprojectpages.files.wordpress.com/2020/05/upload9dfb.png]
[theprojectpages.files.wordpress.com/2020/05/59dfb.png]
[theprojectpages.files.wordpress.com/2020/05/49dfb.png]
[theprojectpages.files.wordpress.com/2020/05/39dfb.png]
[theprojectpages.files.wordpress.com/2020/05/29dfb.png]
[vedantdave117.com/5-financial-fraud-advanced-analysis/index.html]
[theprojectpages.files.wordpress.com/2019/12/cropped-cda26-chese78b9.jpg]
[s0.wp.com/_static/indexa85c.html]
[theprojectpages.files.wordpress.com/2020/05/fearure-19dfb.png]
[theprojectpages.files.wordpress.com/2019/12/1-s2.0-s0957417417301951-gr1-194ee.jpg]
[theprojectpages.files.wordpress.com/2020/05/feature-29dfb.png]
[theprojectpages.files.wordpress.com/2019/12/image.png]
[vedantdave117.com/research-fs-effect-on-ml-impovement/index.html]
[theprojectpages.files.wordpress.com/2019/12/loan-origination-500x500-16458.jpg]
[theprojectpages.files.wordpress.com/2019/12/predataanalysis2dff.png]
[theprojectpages.files.wordpress.com/2019/12/analysis-feature-creation-calculations2dff.png]
[theprojectpages.files.wordpress.com/2019/12/loan-data-analysis-forecasting_15-year2dff.png]
[theprojectpages.files.wordpress.com/2019/12/loan-distribution-graph-15-years2dff.png]
[theprojectpages.files.wordpress.com/2019/12/loan-data-analysis-forecasting_30-year2dff.png]
[theprojectpages.files.wordpress.com/2019/12/loan-distribution-graph-30-years2dff.png]
[vedantdave117.com/bank-loan-data-analysis-future-interest-prediction/index.html]
[theprojectpages.files.wordpress.com/2019/12/header0fa3.jpg]
[vedantdave117.com/uk-home-price-prediction/index.html]
[theprojectpages.files.wordpress.com/2019/12/500px-somtraining.svg_e393.png]
[vedantdave117.com/data-imputation-method-self-organizing-map/index.html]
[vedantdave117.com/portfolio-117/index9a7b.html]
[vedantdave117.com/portfolio-117/index5a58.html]
[s1.wp.com/wp-content/mu-plugins/carousel/images/arrows.png]
[s1.wp.com/wp-content/mu-plugins/carousel/images/arrows-2x.png]
[s1.wp.com/wp-content/mu-plugins/carousel/images/carousel-spritee4da.png]
[s1.wp.com/wp-content/mu-plugins/carousel/images/carousel-sprite-2xe4da.png]
[s1.wp.com/_static/index0fb4.html]
[s0.wp.com/wp-includes/js/dist/vendor/wp-polyfill-fetch.min9853.js]
[s2.wp.com/wp-includes/js/dist/vendor/wp-polyfill-element-closest.min5eac.js]
[vedantdave117.com/education-certification-achievement/index9a7b.html]
[vedantdave117.com/education-certification-achievement/index5a58.html]
[s0.wp.com/wp-content/mu-plugins/carousel/images/arrows.png]
[s0.wp.com/wp-content/mu-plugins/carousel/images/arrows-2x.png]
[s0.wp.com/wp-content/mu-plugins/carousel/images/carousel-spritee4da.png]
[s0.wp.com/wp-content/mu-plugins/carousel/images/carousel-sprite-2xe4da.png]
[s0.wp.com/wp-content/mu-plugins/carousel/jetpack-carousel2ca6.css]
[vedantdave117.com/contact-me/index9a7b.html]
[vedantdave117.com/contact-me/index5a58.html]
[vedantdave117.com/instacart-market-data-analysis-machine-learning-modeling-lgb/index9a7b.html]
[vedantdave117.com/instacart-market-data-analysis-machine-learning-modeling-lgb/index5a58.html]
[s1.wp.com/wp-content/mu-plugins/jetpack/_inc/blocks/slideshow/viewa05e.css]
[vedantdave117.com/sentimental-analytics-with-neural-network/index9a7b.html]
[vedantdave117.com/sentimental-analytics-with-neural-network/index5a58.html]
[s1.wp.com/wp-content/plugins/syntaxhighlighter/syntaxhighlighter3/styles/shCore09b1.css]
[s2.wp.com/wp-content/plugins/syntaxhighlighter/syntaxhighlighter3/styles/shThemeDefault0571.css]
[s0.wp.com/wp-content/mu-plugins/highlander-comments/images/postto-buttons.png]
[s0.wp.com/wp-content/mu-plugins/highlander-comments/images/button-back.gif]
[s0.wp.com/wp-content/mu-plugins/highlander-comments/images/button-back-over.gif]
[s0.wp.com/wp-content/mu-plugins/highlander-comments/images/loader.gif]
[s0.wp.com/wp-content/mu-plugins/highlander-comments/style6f5b.css]
[vedantdave117.com/5-financial-fraud-advanced-analysis/index9a7b.html]
[vedantdave117.com/5-financial-fraud-advanced-analysis/index5a58.html]
[s0.wp.com/_static/indexa85c.html]
[vedantdave117.com/research-fs-effect-on-ml-impovement/index9a7b.html]
[vedantdave117.com/research-fs-effect-on-ml-impovement/index5a58.html]
[vedantdave117.com/bank-loan-data-analysis-future-interest-prediction/index9a7b.html]
[vedantdave117.com/bank-loan-data-analysis-future-interest-prediction/index5a58.html]
[vedantdave117.com/uk-home-price-prediction/index9a7b.html]
[vedantdave117.com/uk-home-price-prediction/index5a58.html]
[vedantdave117.com/data-imputation-method-self-organizing-map/index9a7b.html]
[vedantdave117.com/data-imputation-method-self-organizing-map/index5a58.html]
